node:assert:152
  throw new AssertionError(obj);
  ^

AssertionError [ERR_ASSERTION]: diner: all walkable cells remain connected

40 !== 58

    at Object.<anonymous> (/Users/ebuccelli/Code/solo/projects/twin-peaks-game/test/interior-zoning-reachability.js:50:10)
    at Module._compile (node:internal/modules/cjs/loader:1854:14)
    at Object..js (node:internal/modules/cjs/loader:1985:10)
    at Module.load (node:internal/modules/cjs/loader:1577:32)
    at Module._load (node:internal/modules/cjs/loader:1379:12)
    at wrapModuleLoad (node:internal/modules/cjs/loader:255:19)
    at Module.executeUserEntryPoint [as runMain] (node:internal/modules/run_main:154:5)
    at node:internal/main/run_main_module:33:47 {
  generatedMessage: false,
  code: 'ERR_ASSERTION',
  actual: 40,
  expected: 58,
  operator: 'strictEqual',
  diff: 'simple'
}

Node.js v24.16.0
