2. PERMUTAZIONI A2 (ordine libero hotel/hospital/diner, costo orientato in azioni):
   hotel>hospital>diner     97
   diner>hospital>hotel     97
   hospital>hotel>diner     119
   diner>hotel>hospital     119
   hotel>diner>hospital     124
   hospital>diner>hotel     124
  min 97 max 124 spread 28% (ordine davvero libero)

3. GRAFO COMPRESSO (dead-end e strozzature):
  dead-end (vicoli ciechi a 1 uscita): 19 50,0 35,2 5,4 1,5 9,6 23,6 42,6 12,20 42,20 50,21
  strozzature (articulation, la cui rimozione isola >1 tile): 10 50,1 8,2 9,2 10,2 11,2 12,2 33,2 34,2 5,5 50,23

4. STATI D'APPROCCIO Palmer(42,6) e woods gate(50,0):
   palmer   |A_d| approcci fisici: 1 42,7 | costo correttivo dallo stato ottimo: 0 | NPC può occupare: no
   woods    |A_d| approcci fisici: 1 50,1 | costo correttivo dallo stato ottimo: 0 | NPC può occupare: no
  Nota: bobby(25,16) e donna(44,10) wander; donna e' a 4 tile da palmer(42,6): possibile occupazione transitoria dell'approccio in A5. jacoby(16,25) fisso, lontano.

5. CLUSTER DEI TILE DORMIENTI (fuori da ogni percorso minimo, verifica near-shortest):
  tile dormienti (fuori da near-shortest, slack d*+max(4,10%)): 84 in 10 cluster
   cluster 0 size 27 bbox x[1-9] y[22-25]
   cluster 1 size 24 bbox x[26-32] y[30-34]
   cluster 2 size 22 bbox x[1-6] y[13-16]
   cluster 3 size 4 bbox x[31-32] y[2-3]
   cluster 4 size 2 bbox x[53-54] y[24-24]
   cluster 5 size 1 bbox x[50-50] y[23-23]
   cluster 6 size 1 bbox x[52-52] y[23-23]
   cluster 7 size 1 bbox x[49-49] y[24-24]
