  production atlas decoded · kit authored · materials lt_park lt_street lt_home_a lt_home_b lt_home_c lt_home_d lt_home_e
  art and rows agree on every cell of 7 places
  wrote living-town/content/town-places-v01/images/01-cafe-bar.png
  wrote living-town/content/town-places-v01/images/02-park.png
  wrote living-town/content/town-places-v01/images/03-park-x3.png
  wrote living-town/content/town-places-v01/images/02-street.png
  wrote living-town/content/town-places-v01/images/03-street-x3.png
  wrote living-town/content/town-places-v01/images/02-flat-a.png
  wrote living-town/content/town-places-v01/images/03-flat-a-x3.png
  wrote living-town/content/town-places-v01/images/02-flat-b.png
  wrote living-town/content/town-places-v01/images/03-flat-b-x3.png
  wrote living-town/content/town-places-v01/images/02-flat-c.png
  wrote living-town/content/town-places-v01/images/03-flat-c-x3.png
  wrote living-town/content/town-places-v01/images/02-flat-d.png
  wrote living-town/content/town-places-v01/images/03-flat-d-x3.png
  wrote living-town/content/town-places-v01/images/02-flat-e.png
  wrote living-town/content/town-places-v01/images/03-flat-e-x3.png
  wrote living-town/content/town-places-v01/images/04-hour-0.png
  wrote living-town/content/town-places-v01/images/04-hour-1.png
  wrote living-town/content/town-places-v01/images/04-hour-2.png
  wrote living-town/content/town-places-v01/images/04-hour-3.png
  wrote living-town/content/town-places-v01/images/05-collision-park.png
  wrote living-town/content/town-places-v01/images/05-collision-street.png
  wrote living-town/content/town-places-v01/images/05-collision-flat-a.png
  wrote living-town/content/town-places-v01/images/06-street-west.png
  wrote living-town/content/town-places-v01/images/06-street-east.png
  wrote living-town/content/town-places-v01/images/06-street-door-north.png
  wrote living-town/content/town-places-v01/images/06-street-door-south.png
  wrote living-town/content/town-places-v01/images/06-street-approach-west.png
  wrote living-town/content/town-places-v01/images/06-street-approach-east.png
  wrote living-town/content/town-places-v01/town-places.manifest.json
{"status":"pass","places":7}
