DIMENSIONI: 56x36 (uniforme)

PROPS SEMANTICI: 32
  per tipo: panchina:6 cespuglio:2 cassetta:2 lampione:7 palo:3 staccionata:10 aiuola:1 idrante:1

ESAMINABILI (interact): 30,30=cartello 15,28=lago_riva 50,22=tomba_laura
PORTE: 8 + gate woods a 50,0
   9,6 -> hotel_gn [needs sogno_fatto]
   23,6 -> hospital [needs sogno_fatto]
   42,6 -> palmer 
   12,20 -> sheriff 
   42,20 -> diner 
   47,28 -> roadhouse [needs atto4]
   55,14 -> traincar [needs atto3]
   55,15 -> traincar [needs atto3]

C2 RAGGIUNGIBILITÀ da 12,21 : calpestabili 1384 raggiunti 1383 !! 1 TILE ISOLATI

C3/C4 approcci:
   porta 9,6->hotel_gn        costo orientato 17
   porta 23,6->hospital       costo orientato 25
   porta 42,6->palmer         costo orientato 44
   porta 12,20->sheriff       costo orientato 0
   porta 42,20->diner         costo orientato 31
   porta 47,28->roadhouse     costo orientato 44
   porta 55,14->traincar      costo orientato 49
   porta 55,15->traincar      costo orientato 48
   esam cartello              costo orientato 26
   esam lago_riva             costo orientato 13
   esam tomba_laura           costo orientato 40

C5 costo obbligatorio di traversata per atto (tile, percorso più breve fra le porte):
   A1 (start)         1
   A2 (sogno)         126
   A3 (vagone)        100
   A4 (roadhouse)     88
   A5 (palmer+lago)   149

C6 archi stradali più caricati (compaiono in N percorsi d'atto):
   14,21|15,21 = 8
   13,21|14,21 = 8
   12,21|13,21 = 8
   22,21|23,21 = 6
   21,21|22,21 = 6
   20,21|21,21 = 6
  tile strada/sentiero: 412 | toccati dai percorsi obbligatori: 148 | mai usati: 264

C8 periodicità props:
   panchina    n=6 CV=0.28  
   cespuglio   n=2 CV=0.00  
   cassetta    n=2 CV=0.00  
   lampione    n=7 CV=0.25  | run equispaziati: y13 step12
   palo        n=3 CV=0.40  
   staccionata n=10 CV=0.35  
   aiuola      n=1 CV=0.00  
   idrante     n=1 CV=0.00  

C11 interferenze (prop solido nel guscio d'approccio):
  prop F a 15,27 adiacente a 15,28

--- TILE ISOLATO ---
   1,3 char="."

--- APPROCCI ESAMINABILE lago_riva 15,28 ---
   up -> 15,27 char="F" SOLIDO
   down -> 15,29 char="w" SOLIDO
   left -> 14,28 char="w" SOLIDO
   right -> 16,28 char="." libero

C7 backtrack tax per atto (archi ripercorsi / archi totali del percorso obbligato):
   A1 (start)         tax 0%  (0/1 archi)
   A2 (sogno)         tax 25%  (32/126 archi)
   A3 (vagone)        tax 3%  (3/100 archi)
   A4 (roadhouse)     tax 5%  (4/88 archi)
   A5 (palmer+lago)   tax 19%  (29/149 archi)

C9 densità props (finestre 8x8, non-vuote):
  celle non-vuote: 13 | min 1 max 4 media 2.0

SEGNALE/RUMORE: esaminabili 3 vs props solidi che sembrano oggetti 32
